{
  "Descriptors": {
    "Foo": {
      "ElementName": "Foo",
      "AttributeNames": [],
      "Children": [
        {
          "ElementName": "Bar",
          "HasChildren": false,
          "HasAttributes": false
        },
        {
          "ElementName": "SubFoos",
          "HasChildren": true,
          "HasAttributes": false
        }
      ]
    },
    "SubFoos": {
      "ElementName": "SubFoos",
      "AttributeNames": [],
      "Children": [
        {
          "ElementName": "SubFoo",
          "Count": "2",
          "HasChildren": false,
          "HasAttributes": false
        }
      ]
    },
    "SubFoo": {
      "ElementName": "SubFoo",
      "AttributeNames": [],
      "Children": [
        {
          "ElementName": "Bar",
          "HasChildren": false,
          "HasAttributes": false
        }
      ]
    }
  }
}
