{
  "Descriptors": {
    "Foo": {
      "ElementName": "Foo",
      "Attributes": [],
      "Children": [
        {
          "ElementName": "Bar",
          "HasChildren": false,
          "HasAttributes": false
        }
      ]
    }
  }
}